[jayshanmis.github.io/index.html]
[jayshanmis.github.io/2018.sigbps.org]
[jayshanmis.github.io/img/favicons/favicon1.ico]
[backblue.gif]
[fade.gif]
[index.html]
[jayshanmis.github.io/css/main.css]
[jayshanmis.github.io/img/sections-background/BG1.png]
[jayshanmis.github.io/img/sprites/sprites.svg]
[jayshanmis.github.io/img/sprites/sigbps.jpg]
[jayshanmis.github.io/Best_Paper/index.html]
[jayshanmis.github.io/Gallery/index.html]
[jayshanmis.github.io/call-for-papers/index.html]
[jayshanmis.github.io/organizing_committees/index.html]
[jayshanmis.github.io/program_committees/index.html]
[jayshanmis.github.io/keynotes/index.html]
[jayshanmis.github.io/discussion_panel/index.html]
[jayshanmis.github.io/program/index.html]
[jayshanmis.github.io/submission/index.html]
[jayshanmis.github.io/registration/index.html]
[jayshanmis.github.io/img/sprites/sigbps.svg]
[jayshanmis.github.io/img/partners/SUFE.jpg]
[jayshanmis.github.io/img/partners/Miami.png]
[jayshanmis.github.io/img/partners/cityu.png]
[jayshanmis.github.io/img/partners/uow.jpg]
[jayshanmis.github.io/img/partners/Nanjing.png]
[jayshanmis.github.io/img/about-section/conference.jpg]
[jayshanmis.github.io/img/about-section/workshop.jpg]
[jayshanmis.github.io/img/venue/venue_0.jpg]
[jayshanmis.github.io/img/venue/venue_1.jpg]
[jayshanmis.github.io/img/venue/venue_2.jpg]
[jayshanmis.github.io/img/venue/venue_3.jpg]
[maxcdn.bootstrapcdn.com/bootstrap/3.2.0/js/bootstrap.min.js]
[jayshanmis.github.io/js/default.js]
[cdn.bootcss.com/jquery/2.1.1/jquery.min.js]
[jayshanmis.github.io/js/scripts.js]
[jayshanmis.github.io/index.html]
[jayshanmis.github.io/2018.sigbps.html]
[jayshanmis.github.io/css/main.css]
[jayshanmis.github.io/img/sprites/sprites.svg]
[jayshanmis.github.io/Best_Paper/2018.sigbps.org]
[jayshanmis.github.io/Best_Paper/index.html]
[jayshanmis.github.io/Gallery/2018.sigbps.org]
[jayshanmis.github.io/img/gallery/1.jpg]
[jayshanmis.github.io/img/gallery/2.jpg]
[jayshanmis.github.io/img/gallery/3.jpg]
[jayshanmis.github.io/img/gallery/4.jpg]
[jayshanmis.github.io/img/gallery/5.jpg]
[jayshanmis.github.io/img/gallery/6.jpg]
[jayshanmis.github.io/img/gallery/7.jpg]
[jayshanmis.github.io/img/gallery/8.jpg]
[jayshanmis.github.io/Gallery/index.html]
[jayshanmis.github.io/call-for-papers/2018.sigbps.org]
[jayshanmis.github.io/img/sections-background/cfp.png]
[jayshanmis.github.io/assets/SIGBPS2018.pdf]
[jayshanmis.github.io/call-for-papers/index.html]
[jayshanmis.github.io/organizing_committees/2018.sigbps.org]
[jayshanmis.github.io/img/people/Edward.jpg]
[jayshanmis.github.io/img/people/Akhil.jpg]
[jayshanmis.github.io/img/people/jlzhao.jpg]
[jayshanmis.github.io/img/people/Karl_Lang.jpg]
[jayshanmis.github.io/img/people/jshen.jpg]
[jayshanmis.github.io/img/people/JayShan.jpg]
[jayshanmis.github.io/img/people/Kele.jpg]
[jayshanmis.github.io/img/people/surendra-sarnikar.jpg]
[jayshanmis.github.io/organizing_committees/index.html]
[jayshanmis.github.io/program_committees/2018.sigbps.org]
[jayshanmis.github.io/program_committees/index.html]
[jayshanmis.github.io/keynotes/2018.sigbps.org]
[jayshanmis.github.io/img/people/Roman_Beck.jpg]
[jayshanmis.github.io/keynotes/index.html]
[jayshanmis.github.io/discussion_panel/2018.sigbps.org]
[jayshanmis.github.io/img/people/Mary.jpg]
[jayshanmis.github.io/img/people/JChristopherWestland.jpg]
[jayshanmis.github.io/discussion_panel/index.html]
[jayshanmis.github.io/program/2018.sigbps.org]
[jayshanmis.github.io/assets/SIGBPS2018_FinalProgram.pdf]
[jayshanmis.github.io/program/index.html]
[jayshanmis.github.io/submission/2018.sigbps.org]
[jayshanmis.github.io/img/sections-background/wssubmission.png]
[jayshanmis.github.io/submission/index.html]
[jayshanmis.github.io/registration/2018.sigbps.org]
[jayshanmis.github.io/registration/index.html]
[jayshanmis.github.io/img/sections-background/schedule.jpg]
[jayshanmis.github.io/img/sprites/sigbps.svg]
[jayshanmis.github.io/Best_Paper/2018.sigbps.html]
[jayshanmis.github.io/Gallery/2018.sigbps.html]
[jayshanmis.github.io/call-for-papers/2018.sigbps.html]
[jayshanmis.github.io/organizing_committees/2018.sigbps.html]
[jayshanmis.github.io/program_committees/2018.sigbps.html]
[jayshanmis.github.io/keynotes/2018.sigbps.html]
[jayshanmis.github.io/discussion_panel/2018.sigbps.html]
[jayshanmis.github.io/program/2018.sigbps.html]
[jayshanmis.github.io/submission/2018.sigbps.html]
[jayshanmis.github.io/registration/2018.sigbps.html]
